digraph {
  "asoctl:build"
  
  "asoctl:ci"
  "asoctl:ci" -> "asoctl:unit-tests-cover"
  "asoctl:ci" -> "basic-checks"
  "asoctl:ci" -> "asoctl:lint"
  
  "asoctl:format-code"
  
  "asoctl:go-mod-tidy"
  
  "asoctl:lint"
  
  "asoctl:make-release-artifacts"
  "asoctl:make-release-artifacts" -> "controller:run-kustomize"
  "asoctl:make-release-artifacts" -> "asoctl:build"
  "asoctl:make-release-artifacts" -> "asoctl:build"
  "asoctl:make-release-artifacts" -> "asoctl:build"
  "asoctl:make-release-artifacts" -> "asoctl:build"
  "asoctl:make-release-artifacts" -> "asoctl:build"
  
  "asoctl:quick-checks"
  "asoctl:quick-checks" -> "asoctl:unit-tests"
  "asoctl:quick-checks" -> "basic-checks"
  "asoctl:quick-checks" -> "asoctl:lint"
  
  "asoctl:unit-tests"
  "asoctl:unit-tests" -> "controller:generate-crds"
  
  "asoctl:unit-tests-cover"
  "asoctl:unit-tests-cover" -> "setup"
  "asoctl:unit-tests-cover" -> "controller:generate-crds"
  "asoctl:unit-tests-cover" -> "produce-markdown-summary"
  
  "az-login"
  
  "basic-checks"
  "basic-checks" -> "header-check"
  "basic-checks" -> "specifier-check"
  
  "build-docs-site"
  "build-docs-site" -> "doc:build-site"
  
  "build-mangle-test"
  
  "ci"
  "ci" -> "generator:ci"
  "ci" -> "controller:ci"
  "ci" -> "crossplane:ci"
  "ci" -> "asoctl:ci"
  "ci" -> "format-code"
  "ci" -> "verify-no-changes"
  
  "ci-live"
  "ci-live" -> "generator:ci"
  "ci-live" -> "controller:ci-live"
  
  "cleanup-azure-resources"
  "cleanup-azure-resources" -> "az-login"
  
  "cleanup-old-live-azure-resources"
  "cleanup-old-live-azure-resources" -> "az-login"
  
  "controller:acr-protect-image"
  "controller:acr-protect-image" -> "az-login"
  
  "controller:aks-create"
  "controller:aks-create" -> "az-login"
  
  "controller:aks-create-helm-install"
  "controller:aks-create-helm-install" -> "az-login"
  "controller:aks-create-helm-install" -> "controller:aks-create"
  "controller:aks-create-helm-install" -> "controller:create-mi-for-workload-identity"
  "controller:aks-create-helm-install" -> "controller:install-cert-manager"
  "controller:aks-create-helm-install" -> "controller:docker-push-multiarch"
  "controller:aks-create-helm-install" -> "controller:package-helm-manifest"
  "controller:aks-create-helm-install" -> "controller:install-helm-wi"
  
  "controller:aks-delete"
  "controller:aks-delete" -> "az-login"
  
  "controller:build"
  "controller:build" -> "controller:generate-crds"
  
  "controller:bundle-crds"
  "controller:bundle-crds" -> "controller:generate-kustomize"
  
  "controller:check-crd-size"
  "controller:check-crd-size" -> "controller:generate-crds"
  
  "controller:ci"
  "controller:ci" -> "controller:verify-samples"
  "controller:ci" -> "controller:test-cover"
  "controller:ci" -> "controller:test-integration-ci"
  "controller:ci" -> "basic-checks"
  "controller:ci" -> "controller:check-crd-size"
  "controller:ci" -> "controller:lint"
  
  "controller:ci-integration-tests"
  "controller:ci-integration-tests" -> "cleanup-old-live-azure-resources"
  "controller:ci-integration-tests" -> "controller:test-integration-kind-ci"
  "controller:ci-integration-tests" -> "controller:test-multitenant-integration-kind-ci"
  "controller:ci-integration-tests" -> "cleanup-old-live-azure-resources"
  
  "controller:ci-live"
  "controller:ci-live" -> "controller:test-integration-ci-live"
  "controller:ci-live" -> "basic-checks"
  "controller:ci-live" -> "controller:check-crd-size"
  "controller:ci-live" -> "controller:lint"
  
  "controller:create-mi-for-workload-identity"
  "controller:create-mi-for-workload-identity" -> "az-login"
  
  "controller:delete-helm"
  
  "controller:deploy-multitenant-testing-secret"
  
  "controller:docker-build"
  "controller:docker-build" -> "controller:bundle-crds"
  
  "controller:docker-build-and-save"
  "controller:docker-build-and-save" -> "controller:docker-build"
  
  "controller:docker-push-local"
  "controller:docker-push-local" -> "controller:bundle-crds"
  
  "controller:docker-push-multiarch"
  "controller:docker-push-multiarch" -> "controller:bundle-crds"
  "controller:docker-push-multiarch" -> "docker-login"
  
  "controller:format-code"
  
  "controller:gen-crd-docs"
  "controller:gen-crd-docs" -> "doc:crd-api"
  
  "controller:generate-crds"
  "controller:generate-crds" -> "controller:generate-types"
  "controller:generate-crds" -> "controller:generate-genruntime-deepcopy"
  
  "controller:generate-genruntime-deepcopy"
  
  "controller:generate-kustomize"
  "controller:generate-kustomize" -> "controller:generate-crds"
  
  "controller:generate-types"
  "controller:generate-types" -> "generator:build"
  
  "controller:go-mod-tidy"
  
  "controller:install"
  "controller:install" -> "controller:generate-kustomize"
  
  "controller:install-cert-manager"
  
  "controller:install-helm-single-tenant"
  
  "controller:install-helm-wi"
  "controller:install-helm-wi" -> "controller:wait-for-operator-ready"
  
  "controller:kind-create"
  
  "controller:kind-create-helm-workload-identity"
  "controller:kind-create-helm-workload-identity" -> "controller:kind-create-wi"
  "controller:kind-create-helm-workload-identity" -> "controller:create-mi-for-workload-identity"
  "controller:kind-create-helm-workload-identity" -> "controller:install-cert-manager"
  "controller:kind-create-helm-workload-identity" -> "controller:docker-push-local"
  "controller:kind-create-helm-workload-identity" -> "controller:package-helm-manifest"
  "controller:kind-create-helm-workload-identity" -> "controller:install-helm-wi"
  
  "controller:kind-create-multitenant-cluster"
  "controller:kind-create-multitenant-cluster" -> "controller:make-multitenant-files"
  "controller:kind-create-multitenant-cluster" -> "controller:kind-create-wi"
  "controller:kind-create-multitenant-cluster" -> "controller:create-mi-for-workload-identity"
  "controller:kind-create-multitenant-cluster" -> "controller:install-cert-manager"
  "controller:kind-create-multitenant-cluster" -> "controller:docker-push-local"
  "controller:kind-create-multitenant-cluster" -> "controller:wait-for-operator-ready"
  "controller:kind-create-multitenant-cluster" -> "controller:deploy-multitenant-testing-secret"
  
  "controller:kind-create-multitenant-cluster-helm"
  "controller:kind-create-multitenant-cluster-helm" -> "controller:kind-create-wi"
  "controller:kind-create-multitenant-cluster-helm" -> "controller:create-mi-for-workload-identity"
  "controller:kind-create-multitenant-cluster-helm" -> "controller:install-cert-manager"
  "controller:kind-create-multitenant-cluster-helm" -> "controller:docker-push-local"
  "controller:kind-create-multitenant-cluster-helm" -> "controller:package-helm-manifest"
  "controller:kind-create-multitenant-cluster-helm" -> "controller:wait-for-operator-ready"
  "controller:kind-create-multitenant-cluster-helm" -> "controller:install-helm-single-tenant"
  
  "controller:kind-create-wi"
  "controller:kind-create-wi" -> "az-login"
  
  "controller:kind-create-with-workload-identity"
  "controller:kind-create-with-workload-identity" -> "controller:kind-create-wi"
  "controller:kind-create-with-workload-identity" -> "controller:create-mi-for-workload-identity"
  "controller:kind-create-with-workload-identity" -> "controller:install-cert-manager"
  "controller:kind-create-with-workload-identity" -> "controller:docker-push-local"
  "controller:kind-create-with-workload-identity" -> "controller:install"
  "controller:kind-create-with-workload-identity" -> "controller:make-workload-identity-secret"
  "controller:kind-create-with-workload-identity" -> "controller:wait-for-operator-ready"
  
  "controller:kind-create-workloadidentity-local-helm"
  "controller:kind-create-workloadidentity-local-helm" -> "controller:kind-create-wi"
  "controller:kind-create-workloadidentity-local-helm" -> "controller:create-mi-for-workload-identity"
  "controller:kind-create-workloadidentity-local-helm" -> "controller:install-cert-manager"
  "controller:kind-create-workloadidentity-local-helm" -> "controller:install-helm-wi"
  
  "controller:kind-delete"
  
  "controller:lint"
  "controller:lint" -> "controller:generate-crds"
  
  "controller:make-multitenant-files"
  "controller:make-multitenant-files" -> "controller:run-kustomize"
  
  "controller:make-sp-secret"
  
  "controller:make-workload-identity-secret"
  
  "controller:package-helm-manifest"
  "controller:package-helm-manifest" -> "controller:generate-kustomize"
  "controller:package-helm-manifest" -> "controller:validate-helm"
  
  "controller:quick-checks"
  "controller:quick-checks" -> "controller:test"
  "controller:quick-checks" -> "basic-checks"
  "controller:quick-checks" -> "controller:check-crd-size"
  "controller:quick-checks" -> "controller:verify-samples"
  "controller:quick-checks" -> "controller:lint"
  
  "controller:run-kustomize"
  "controller:run-kustomize" -> "controller:generate-kustomize"
  
  "controller:run-kustomize-for-envtest"
  "controller:run-kustomize-for-envtest" -> "controller:generate-kustomize"
  
  "controller:scan-image"
  "controller:scan-image" -> "controller:docker-build"
  
  "controller:test"
  "controller:test" -> "controller:generate-crds"
  "controller:test" -> "controller:run-kustomize-for-envtest"
  "controller:test" -> "controller:bundle-crds"
  
  "controller:test-cover"
  "controller:test-cover" -> "setup"
  "controller:test-cover" -> "controller:generate-crds"
  "controller:test-cover" -> "controller:bundle-crds"
  "controller:test-cover" -> "produce-markdown-summary"
  
  "controller:test-integration-ci"
  "controller:test-integration-ci" -> "controller:test-integration-envtest"
  
  "controller:test-integration-ci-live"
  "controller:test-integration-ci-live" -> "controller:test-integration-envtest-live"
  
  "controller:test-integration-envtest"
  "controller:test-integration-envtest" -> "controller:run-kustomize-for-envtest"
  
  "controller:test-integration-envtest-cover"
  "controller:test-integration-envtest-cover" -> "setup"
  "controller:test-integration-envtest-cover" -> "controller:run-kustomize-for-envtest"
  "controller:test-integration-envtest-cover" -> "produce-markdown-summary"
  "controller:test-integration-envtest-cover" -> "produce-markdown-summary"
  "controller:test-integration-envtest-cover" -> "produce-markdown-summary"
  
  "controller:test-integration-envtest-live"
  "controller:test-integration-envtest-live" -> "controller:run-kustomize-for-envtest"
  "controller:test-integration-envtest-live" -> "cleanup-azure-resources"
  
  "controller:test-integration-envtest-record"
  "controller:test-integration-envtest-record" -> "controller:run-kustomize-for-envtest"
  
  "controller:test-integration-kind"
  "controller:test-integration-kind" -> "controller:kind-create-helm-workload-identity"
  
  "controller:test-integration-kind-ci"
  "controller:test-integration-kind-ci" -> "controller:kind-create-helm-workload-identity"
  "controller:test-integration-kind-ci" -> "controller:kind-delete"
  
  "controller:test-multitenant-integration-kind"
  "controller:test-multitenant-integration-kind" -> "controller:kind-create-multitenant-cluster-helm"
  
  "controller:test-multitenant-integration-kind-ci"
  "controller:test-multitenant-integration-kind-ci" -> "controller:kind-create-multitenant-cluster-helm"
  "controller:test-multitenant-integration-kind-ci" -> "controller:kind-delete"
  
  "controller:test-upgrade"
  "controller:test-upgrade" -> "controller:test-upgrade-setup"
  "controller:test-upgrade" -> "controller:test-upgrade-pre"
  "controller:test-upgrade" -> "controller:test-upgrade-post"
  
  "controller:test-upgrade-apply-prerelease-chart"
  "controller:test-upgrade-apply-prerelease-chart" -> "controller:docker-push-local"
  "controller:test-upgrade-apply-prerelease-chart" -> "controller:package-helm-manifest"
  "controller:test-upgrade-apply-prerelease-chart" -> "controller:install-helm-wi"
  
  "controller:test-upgrade-post"
  "controller:test-upgrade-post" -> "controller:test-upgrade-apply-prerelease-chart"
  "controller:test-upgrade-post" -> "controller:kind-delete"
  
  "controller:test-upgrade-pre"
  "controller:test-upgrade-pre" -> "controller:test-upgrade-pre-setup"
  
  "controller:test-upgrade-pre-setup"
  "controller:test-upgrade-pre-setup" -> "controller:wait-for-operator-ready"
  
  "controller:test-upgrade-setup"
  "controller:test-upgrade-setup" -> "controller:kind-create-wi"
  "controller:test-upgrade-setup" -> "controller:create-mi-for-workload-identity"
  "controller:test-upgrade-setup" -> "controller:install-cert-manager"
  "controller:test-upgrade-setup" -> "controller:package-helm-manifest"
  
  "controller:validate-helm"
  "controller:validate-helm" -> "controller:run-kustomize"
  "controller:validate-helm" -> "scripts:build-python-venv"
  
  "controller:verify-samples"
  "controller:verify-samples" -> "controller:generate-crds"
  
  "controller:wait-for-operator-ready"
  
  "crossplane:ci"
  "crossplane:ci" -> "basic-checks"
  "crossplane:ci" -> "crossplane:generate-crds"
  
  "crossplane:generate-crds"
  "crossplane:generate-crds" -> "crossplane:generate-types"
  
  "crossplane:generate-types"
  "crossplane:generate-types" -> "generator:build"
  
  "crossplane:quick-checks"
  "crossplane:quick-checks" -> "basic-checks"
  
  "default"
  "default" -> "format-code"
  "default" -> "quick-checks"
  
  "doc:build-site"
  "doc:build-site" -> "doc:frontmatter-check"
  
  "doc:crd-api"
  "doc:crd-api" -> "controller:generate-crds"
  
  "doc:dependencies"
  
  "doc:frontmatter-check"
  
  "doc:render-diagrams"
  
  "docker-login"
  "docker-login" -> "az-login"
  
  "format-code"
  "format-code" -> "asoctl:format-code"
  "format-code" -> "generator:format-code"
  "format-code" -> "controller:format-code"
  
  "frontmatter-check"
  
  "generator:build"
  
  "generator:ci"
  "generator:ci" -> "generator:unit-tests-cover"
  "generator:ci" -> "basic-checks"
  "generator:ci" -> "generator:lint"
  
  "generator:diagrams"
  "generator:diagrams" -> "doc:render-diagrams"
  
  "generator:format-code"
  
  "generator:go-mod-tidy"
  
  "generator:lint"
  
  "generator:quick-checks"
  "generator:quick-checks" -> "generator:unit-tests"
  "generator:quick-checks" -> "basic-checks"
  "generator:quick-checks" -> "generator:lint"
  
  "generator:unit-tests"
  
  "generator:unit-tests-cover"
  "generator:unit-tests-cover" -> "setup"
  "generator:unit-tests-cover" -> "produce-markdown-summary"
  
  "generator:update-golden-tests"
  
  "go-mod-tidy"
  "go-mod-tidy" -> "controller:go-mod-tidy"
  "go-mod-tidy" -> "asoctl:go-mod-tidy"
  "go-mod-tidy" -> "generator:go-mod-tidy"
  
  "header-check"
  
  "make-release-artifacts"
  "make-release-artifacts" -> "controller:run-kustomize"
  "make-release-artifacts" -> "controller:make-multitenant-files"
  "make-release-artifacts" -> "asoctl:make-release-artifacts"
  
  "mangle-test:lint"
  
  "mangle-test:quick-checks"
  "mangle-test:quick-checks" -> "mangle-test:lint"
  
  "produce-markdown-summary"
  "produce-markdown-summary" -> "build-mangle-test"
  
  "provision-oidc-storage-acct"
  
  "quick-checks"
  "quick-checks" -> "generator:quick-checks"
  "quick-checks" -> "controller:quick-checks"
  "quick-checks" -> "asoctl:quick-checks"
  "quick-checks" -> "crossplane:quick-checks"
  "quick-checks" -> "mangle-test:quick-checks"
  
  "scripts:build-python-venv"
  
  "setup"
  
  "specifier-check"
  
  "verify-no-changes"
}
