digraph {
  "build" [
    color="black"
    label="{build | Build everything}"
    shape="Mrecord"
  ]
  "build" -> "build_bin" [
    color="black"
    penwidth="1"
    style="solid"
  ]
  "build" -> "build_dir" [
    color="black"
    penwidth="1"
    style="solid"
  ]
  
  "build_bin" [
    color="black"
    label="{build.bin | Build the crddoc \nbinary}"
    shape="Mrecord"
  ]
  "build_bin" -> "build_dir" [
    color="black"
    penwidth="1"
    style="solid"
  ]
  
  "build_dir" [
    color="black"
    label="{build.dir | Ensure our output folder \nexists}"
    shape="Mrecord"
  ]
  
  "build_sbom" [
    color="black"
    label="{build.sbom | Generate a \nsoftware-bill-of-materials (SBOM)}"
    shape="Mrecord"
  ]
  "build_sbom" -> "build_bin" [
    color="black"
    penwidth="1"
    style="solid"
  ]
  
  "ci" [
    color="black"
    label="{ci | Run continuous integration \ntasks}"
    shape="Mrecord"
  ]
  "ci" -> "test" [
    color="black"
    penwidth="1"
    style="solid"
  ]
  
  "default" [
    color="black"
    label="{default | Run all tasks}"
    shape="Mrecord"
  ]
  "default" -> "ci" [
    color="black"
    penwidth="1"
    style="solid"
  ]
  "default" -> "docs" [
    color="black"
    penwidth="1"
    style="solid"
  ]
  
  "docs" [
    color="black"
    label="{docs | Build documentation}"
    shape="Mrecord"
  ]
  "docs" -> "docs_config" [
    color="black"
    penwidth="1"
    style="solid"
  ]
  "docs" -> "docs_aso" [
    color="black"
    penwidth="1"
    style="solid"
  ]
  "docs" -> "docs_capz" [
    color="black"
    penwidth="1"
    style="solid"
  ]
  "docs" -> "docs_model" [
    color="black"
    penwidth="1"
    style="solid"
  ]
  
  "docs_aso" [
    color="black"
    label="{docs.aso | Build example showing documentation for \nAzure Service Operator}"
    shape="Mrecord"
  ]
  "docs_aso" -> "build" [
    color="black"
    penwidth="1"
    style="solid"
  ]
  
  "docs_capz" [
    color="black"
    label="{docs.capz | Build example showing documentation for \nCluster API Provider Azure}"
    shape="Mrecord"
  ]
  "docs_capz" -> "build" [
    color="black"
    penwidth="1"
    style="solid"
  ]
  
  "docs_config" [
    color="black"
    label="{docs.config | Build documentation of \nconfig options}"
    shape="Mrecord"
  ]
  "docs_config" -> "build" [
    color="black"
    penwidth="1"
    style="solid"
  ]
  
  "docs_model" [
    color="black"
    label="{docs.model | Build example showing \ndocumentation for CRD model}"
    shape="Mrecord"
  ]
  "docs_model" -> "build" [
    color="black"
    penwidth="1"
    style="solid"
  ]
  
  "gremlins" [
    color="black"
    label="{gremlins | Use gremlins to check the quality \nof our tests}"
    shape="Mrecord"
  ]
  
  "lint" [
    color="black"
    label="{lint | Run golangci-lint to check for \nlinting issues}"
    shape="Mrecord"
  ]
  
  "test" [
    color="black"
    label="{test | Run tests and checks}"
    shape="Mrecord"
  ]
  "test" -> "unit-test" [
    color="black"
    penwidth="1"
    style="solid"
  ]
  "test" -> "lint" [
    color="black"
    penwidth="1"
    style="solid"
  ]
  
  "tidy" [
    color="black"
    label="{tidy | Tidy up source}"
    shape="Mrecord"
  ]
  "tidy" -> "tidy_gofumpt" [
    color="blue"
    penwidth="1"
    style="dashed"
  ]
  "tidy" -> "tidy_mod" [
    color="blue"
    penwidth="1"
    style="dashed"
  ]
  "tidy" -> "tidy_lint" [
    color="blue"
    penwidth="1"
    style="dashed"
  ]
  
  "tidy_gofumpt" [
    color="black"
    label="{tidy.gofumpt | Run gofumpt}"
    shape="Mrecord"
  ]
  
  "tidy_lint" [
    color="black"
    label="{tidy.lint | Run golangci-lint in fix \nmode}"
    shape="Mrecord"
  ]
  
  "tidy_mod" [
    color="black"
    label="{tidy.mod | Run go mod tidy}"
    shape="Mrecord"
  ]
  
  "unit-test" [
    color="black"
    label="{unit-test | Run unit tests}"
    shape="Mrecord"
  ]
  "unit-test" -> "build" [
    color="black"
    penwidth="1"
    style="solid"
  ]
  
}
