digraph {
  "build" [
    color="black"
    label="{build | Build everything}"
    shape="Mrecord"
  ]
  "build" -> "build_bin" [
    color="black"
    penwidth="1"
    style="solid"
  ]
  
  "build_bin" [
    color="black"
    label="{build.bin | Build the go-vcr-tidy \nbinary}"
    shape="Mrecord"
  ]
  "build_bin" -> "build_dir" [
    color="black"
    penwidth="1"
    style="solid"
  ]
  
  "build_dir" [
    color="black"
    label="{build.dir | Ensure our output folder exists \nand is empty}"
    shape="Mrecord"
  ]
  
  "build_sbom" [
    color="black"
    label="{build.sbom | Generate a \nsoftware-bill-of-materials (SBOM)}"
    shape="Mrecord"
  ]
  "build_sbom" -> "build_bin" [
    color="black"
    penwidth="1"
    style="solid"
  ]
  
  "ci" [
    color="black"
    label="{ci | Run continuous integration \ntasks}"
    shape="Mrecord"
  ]
  "ci" -> "build" [
    color="black"
    penwidth="1"
    style="solid"
  ]
  "ci" -> "test" [
    color="black"
    penwidth="1"
    style="solid"
  ]
  "ci" -> "build_sbom" [
    color="black"
    penwidth="1"
    style="solid"
  ]
  
  "default" [
    color="black"
    label="{default | Run all tasks}"
    shape="Mrecord"
  ]
  "default" -> "build" [
    color="black"
    penwidth="1"
    style="solid"
  ]
  "default" -> "test" [
    color="black"
    penwidth="1"
    style="solid"
  ]
  
  "gremlins" [
    color="black"
    label="{gremlins | Use gremlins to check the quality \nof our tests}"
    shape="Mrecord"
  ]
  
  "lint" [
    color="black"
    label="{lint | Run golangci-lint to check for \nlinting issues}"
    shape="Mrecord"
  ]
  
  "test" [
    color="black"
    label="{test | Run tests and checks}"
    shape="Mrecord"
  ]
  "test" -> "unit-test" [
    color="black"
    penwidth="1"
    style="solid"
  ]
  "test" -> "lint" [
    color="black"
    penwidth="1"
    style="solid"
  ]
  
  "tidy" [
    color="black"
    label="{tidy | Tidy up source}"
    shape="Mrecord"
  ]
  "tidy" -> "tidy_gofumpt" [
    color="blue"
    penwidth="1"
    style="dashed"
  ]
  "tidy" -> "tidy_mod" [
    color="blue"
    penwidth="1"
    style="dashed"
  ]
  "tidy" -> "tidy_lint" [
    color="blue"
    penwidth="1"
    style="dashed"
  ]
  
  "tidy_gofumpt" [
    color="black"
    label="{tidy.gofumpt | Run gofumpt to reformat \nsource code}"
    shape="Mrecord"
  ]
  
  "tidy_lint" [
    color="black"
    label="{tidy.lint | Run golangci-lint in fix \nmode}"
    shape="Mrecord"
  ]
  
  "tidy_mod" [
    color="black"
    label="{tidy.mod | Run go mod tidy}"
    shape="Mrecord"
  ]
  
  "unit-test" [
    color="black"
    label="{unit-test | Run unit tests}"
    shape="Mrecord"
  ]
  "unit-test" -> "build" [
    color="black"
    penwidth="1"
    style="solid"
  ]
  
}
